// Jest Snapshot v1, https://goo.gl/fbAQLP

exports[`CocktailRecipe should render if recipe object is passed 1`] = `
<div
  className="row recipes-list_element"
>
  <div
    className="col-6 recipes-list_main"
  >
    <h4>
      test
       
    </h4>
    <p>
      Category: 
      testCategory
    </p>
    <p>
      Type: 
      testAlcoholic
    </p>
    <div
      className="recipes-list_image"
    >
      <img
        alt="cocktail image small"
        onClick={[Function]}
        src="testDrinkThumb"
      />
    </div>
    <p>
      [click image to enlarge]
    </p>
  </div>
  <div
    className="col-6 recipes-list_ingredients"
  >
    <p
      className="recipes-list_ingredients_heading"
    >
      Ingredients:
    </p>
    <ul />
    <p
      className="recipes-list_ingredients_heading"
    >
      Instructions:
    </p>
    <p
      className="recipes-list_ingredients_instructions"
    >
      testInstructions
    </p>
  </div>
</div>
`;
